[mythemestore.com/friend-finder/index.html]
[backblue.gif]
[fade.gif]
[index.html]
[mythemestore.com/friend-finder/images/fav.png]
[mythemestore.com/friend-finder/index-register.html]
[mythemestore.com/friend-finder/images/logo.png]
[mythemestore.com/friend-finder/images/down-arrow.png]
[mythemestore.com/friend-finder/index-2.html]
[mythemestore.com/friend-finder/newsfeed.html]
[mythemestore.com/friend-finder/newsfeed-people-nearby.html]
[mythemestore.com/friend-finder/newsfeed-friends.html]
[mythemestore.com/friend-finder/newsfeed-messages.html]
[mythemestore.com/friend-finder/newsfeed-images.html]
[mythemestore.com/friend-finder/newsfeed-videos.html]
[mythemestore.com/friend-finder/timeline.html]
[mythemestore.com/friend-finder/timeline-about.html]
[mythemestore.com/friend-finder/timeline-album.html]
[mythemestore.com/friend-finder/timeline-friends.html]
[mythemestore.com/friend-finder/edit-profile-basic.html]
[mythemestore.com/friend-finder/edit-profile-work-edu.html]
[mythemestore.com/friend-finder/edit-profile-interests.html]
[mythemestore.com/friend-finder/edit-profile-settings.html]
[mythemestore.com/friend-finder/edit-profile-password.html]
[mythemestore.com/friend-finder/contact.html]
[mythemestore.com/friend-finder/faq.html]
[mythemestore.com/friend-finder/404.html]
[mythemestore.com/friend-finder/images/bottom-shadow.png]
[mythemestore.com/friend-finder/images/face-map.png]
[mythemestore.com/friend-finder/images/app-store.png]
[mythemestore.com/friend-finder/images/google-play.png]
[mythemestore.com/friend-finder/images/iPhone.png]
[mythemestore.com/friend-finder/images/users/user-5.jpg]
[mythemestore.com/friend-finder/images/users/user-6.jpg]
[mythemestore.com/friend-finder/images/users/user-7.jpg]
[mythemestore.com/friend-finder/images/users/user-8.jpg]
[mythemestore.com/friend-finder/images/users/user-9.jpg]
[mythemestore.com/friend-finder/images/users/user-10.jpg]
[mythemestore.com/friend-finder/images/users/user-1.jpg]
[mythemestore.com/friend-finder/images/users/user-4.jpg]
[mythemestore.com/friend-finder/images/users/user-3.jpg]
[mythemestore.com/friend-finder/images/users/user-2.jpg]
[mythemestore.com/friend-finder/images/users/user-17.jpg]
[mythemestore.com/friend-finder/images/users/user-18.jpg]
[mythemestore.com/friend-finder/images/users/user-11.jpg]
[mythemestore.com/friend-finder/images/users/user-16.jpg]
[mythemestore.com/friend-finder/images/logo-black.png]
[mythemestore.com/friend-finder/images/envato_logo.png]
[mythemestore.com/friend-finder/js/jquery-3.1.1.min.js]
[mythemestore.com/friend-finder/js/bootstrap.min.js]
[mythemestore.com/friend-finder/js/jquery.appear.min.js]
[mythemestore.com/friend-finder/js/jquery.incremental-counter.js]
[mythemestore.com/friend-finder/js/script.js]
[mythemestore.com/friend-finder/index.html]
[mythemestore.com/friend-finder/fonts/glyphicons-halflings-regular.eot]
[mythemestore.com/friend-finder/fonts/glyphicons-halflings-regular.woff2]
[mythemestore.com/friend-finder/fonts/glyphicons-halflings-regulard41d.eot]
[mythemestore.com/friend-finder/fonts/glyphicons-halflings-regular.woff]
[mythemestore.com/friend-finder/fonts/glyphicons-halflings-regular.ttf]
[mythemestore.com/friend-finder/css/bootstrap.min.css]
[mythemestore.com/friend-finder/fonts/agency-fb.eot]
[mythemestore.com/friend-finder/fonts/agency-fb.ttf]
[mythemestore.com/friend-finder/images/bullet.png]
[mythemestore.com/friend-finder/images/bg/bg-1.jpg]
[mythemestore.com/friend-finder/images/blur.png]
[mythemestore.com/friend-finder/images/bg/bg-2.jpg]
[mythemestore.com/friend-finder/images/bg/bg-4.jpg]
[mythemestore.com/friend-finder/images/bg/bg-3.jpg]
[mythemestore.com/friend-finder/images/covers/1.jpg]
[mythemestore.com/friend-finder/images/bg/bg-5.jpg]
[mythemestore.com/friend-finder/css/style.css]
[mythemestore.com/friend-finder/fonts/ionicons28b5.eot]
[mythemestore.com/friend-finder/fonts/ionicons28b5.ttf]
[mythemestore.com/friend-finder/fonts/ionicons28b5.woff]
[mythemestore.com/friend-finder/css/ionicons.min.css]
[mythemestore.com/friend-finder/fonts/fontawesome-webfont3e6e.eot]
[mythemestore.com/friend-finder/fonts/fontawesome-webfontd41d.eot]
[mythemestore.com/friend-finder/fonts/fontawesome-webfont3e6e.woff2]
[mythemestore.com/friend-finder/fonts/fontawesome-webfont3e6e.woff]
[mythemestore.com/friend-finder/fonts/fontawesome-webfont3e6e.ttf]
[mythemestore.com/friend-finder/css/font-awesome.min.css]
[mythemestore.com/friend-finder/index-register.html]
[mythemestore.com/friend-finder/index-2.html]
[mythemestore.com/friend-finder/images/post-images/1.jpg]
[mythemestore.com/friend-finder/videos/8.mp4]
[mythemestore.com/friend-finder/images/users/user-14.jpg]
[mythemestore.com/friend-finder/images/users/user-12.jpg]
[mythemestore.com/friend-finder/images/post-images/2.jpg]
[mythemestore.com/friend-finder/images/users/user-13.jpg]
[mythemestore.com/friend-finder/images/post-images/11.jpg]
[mythemestore.com/friend-finder/images/users/user-15.jpg]
[mythemestore.com/friend-finder/js/jquery.sticky-kit.min.js]
[mythemestore.com/friend-finder/js/jquery.scrollbar.min.js]
[mythemestore.com/friend-finder/newsfeed.html]
[mythemestore.com/friend-finder/images/users/user-19.jpg]
[mythemestore.com/friend-finder/images/users/user-20.jpg]
[mythemestore.com/friend-finder/newsfeed-people-nearby.html]
[mythemestore.com/friend-finder/images/covers/3.jpg]
[mythemestore.com/friend-finder/images/covers/4.jpg]
[mythemestore.com/friend-finder/images/covers/5.jpg]
[mythemestore.com/friend-finder/timelime.5e.delayed]
[mythemestore.com/friend-finder/images/covers/6.jpg]
[mythemestore.com/friend-finder/images/covers/7.jpg]
[mythemestore.com/friend-finder/images/covers/8.jpg]
[mythemestore.com/friend-finder/images/covers/9.jpg]
[mythemestore.com/friend-finder/images/covers/10.jpg]
[mythemestore.com/friend-finder/newsfeed-friends.html]
[mythemestore.com/friend-finder/newsfeed-messages.html]
[mythemestore.com/friend-finder/images/post-images/6.jpg]
[mythemestore.com/friend-finder/images/post-images/3.jpg]
[mythemestore.com/friend-finder/images/post-images/5.jpg]
[mythemestore.com/friend-finder/images/post-images/4.jpg]
[mythemestore.com/friend-finder/images/post-images/7.jpg]
[mythemestore.com/friend-finder/images/post-images/9.jpg]
[mythemestore.com/friend-finder/images/post-images/8.jpg]
[mythemestore.com/friend-finder/js/masonry.pkgd.min.js]
[mythemestore.com/friend-finder/newsfeed-images.html]
[mythemestore.com/friend-finder/videos/3.mp4]
[mythemestore.com/friend-finder/videos/2.mp4]
[mythemestore.com/friend-finder/videos/4.mp4]
[mythemestore.com/friend-finder/videos/5.mp4]
[mythemestore.com/friend-finder/videos/6.mp4]
[mythemestore.com/friend-finder/videos/1.mp4]
[mythemestore.com/friend-finder/newsfeed-videos.html]
[mythemestore.com/friend-finder/timline.73.delayed]
[mythemestore.com/friend-finder/images/post-images/12.jpg]
[mythemestore.com/friend-finder/images/post-images/13.jpg]
[mythemestore.com/friend-finder/timeline.html]
[mythemestore.com/friend-finder/images/envato.png]
[mythemestore.com/friend-finder/timeline-about.html]
[mythemestore.com/friend-finder/images/album/1.jpg]
[mythemestore.com/friend-finder/images/album/2.jpg]
[mythemestore.com/friend-finder/images/album/3.jpg]
[mythemestore.com/friend-finder/images/album/4.jpg]
[mythemestore.com/friend-finder/images/album/5.jpg]
[mythemestore.com/friend-finder/images/album/6.jpg]
[mythemestore.com/friend-finder/images/album/7.jpg]
[mythemestore.com/friend-finder/images/album/8.jpg]
[mythemestore.com/friend-finder/images/album/9.jpg]
[mythemestore.com/friend-finder/timeline-album.html]
[mythemestore.com/friend-finder/timeline-friends.html]
[mythemestore.com/friend-finder/edit-profile-basic.html]
[mythemestore.com/friend-finder/edit-profile-work-edu.html]
[mythemestore.com/friend-finder/edit-profile-interests.html]
[mythemestore.com/friend-finder/edit-profile-settings.html]
[mythemestore.com/friend-finder/edit-profile-password.html]
[mythemestore.com/friend-finder/contact.html]
[mythemestore.com/friend-finder/faq.html]
[mythemestore.com/friend-finder/images/404.png]
[mythemestore.com/friend-finder/404.html]
[mythemestore.com/friend-finder/fonts/glyphicons-halflings-regular.svg]
[mythemestore.com/friend-finder/fonts/ionicons28b5.svg]
[mythemestore.com/friend-finder/fonts/fontawesome-webfont3e6e.svg]
[mythemestore.com/friend-finder/css/emoji/+1.png]
[mythemestore.com/friend-finder/css/emoji/-1.png]
[mythemestore.com/friend-finder/css/emoji/100.png]
[mythemestore.com/friend-finder/css/emoji/1234.png]
[mythemestore.com/friend-finder/css/emoji/8ball.png]
[mythemestore.com/friend-finder/css/emoji/a.png]
[mythemestore.com/friend-finder/css/emoji/ab.png]
[mythemestore.com/friend-finder/css/emoji/abc.png]
[mythemestore.com/friend-finder/css/emoji/abcd.png]
[mythemestore.com/friend-finder/css/emoji/accept.png]
[mythemestore.com/friend-finder/css/emoji/aerial_tramway.png]
[mythemestore.com/friend-finder/css/emoji/airplane.png]
[mythemestore.com/friend-finder/css/emoji/alarm_clock.png]
[mythemestore.com/friend-finder/css/emoji/alien.png]
[mythemestore.com/friend-finder/css/emoji/ambulance.png]
[mythemestore.com/friend-finder/css/emoji/anchor.png]
[mythemestore.com/friend-finder/css/emoji/angel.png]
[mythemestore.com/friend-finder/css/emoji/anger.png]
[mythemestore.com/friend-finder/css/emoji/angry.png]
[mythemestore.com/friend-finder/css/emoji/anguished.png]
[mythemestore.com/friend-finder/css/emoji/ant.png]
[mythemestore.com/friend-finder/css/emoji/apple.png]
[mythemestore.com/friend-finder/css/emoji/aquarius.png]
[mythemestore.com/friend-finder/css/emoji/aries.png]
[mythemestore.com/friend-finder/css/emoji/arrow_backward.png]
[mythemestore.com/friend-finder/css/emoji/arrow_double_down.png]
[mythemestore.com/friend-finder/css/emoji/arrow_double_up.png]
[mythemestore.com/friend-finder/css/emoji/arrow_down.png]
[mythemestore.com/friend-finder/css/emoji/arrow_down_small.png]
[mythemestore.com/friend-finder/css/emoji/arrow_forward.png]
[mythemestore.com/friend-finder/css/emoji/arrow_heading_down.png]
[mythemestore.com/friend-finder/css/emoji/arrow_heading_up.png]
[mythemestore.com/friend-finder/css/emoji/arrow_left.png]
[mythemestore.com/friend-finder/css/emoji/arrow_lower_left.png]
[mythemestore.com/friend-finder/css/emoji/arrow_lower_right.png]
[mythemestore.com/friend-finder/css/emoji/arrow_right.png]
[mythemestore.com/friend-finder/css/emoji/arrow_right_hook.png]
[mythemestore.com/friend-finder/css/emoji/arrow_up.png]
[mythemestore.com/friend-finder/css/emoji/arrow_up_down.png]
[mythemestore.com/friend-finder/css/emoji/arrow_up_small.png]
[mythemestore.com/friend-finder/css/emoji/arrow_upper_left.png]
[mythemestore.com/friend-finder/css/emoji/arrow_upper_right.png]
[mythemestore.com/friend-finder/css/emoji/arrows_clockwise.png]
[mythemestore.com/friend-finder/css/emoji/arrows_counterclockwise.png]
[mythemestore.com/friend-finder/css/emoji/art.png]
[mythemestore.com/friend-finder/css/emoji/articulated_lorry.png]
[mythemestore.com/friend-finder/css/emoji/astonished.png]
[mythemestore.com/friend-finder/css/emoji/atm.png]
[mythemestore.com/friend-finder/css/emoji/b.png]
[mythemestore.com/friend-finder/css/emoji/baby.png]
[mythemestore.com/friend-finder/css/emoji/baby_bottle.png]
[mythemestore.com/friend-finder/css/emoji/baby_chick.png]
[mythemestore.com/friend-finder/css/emoji/baby_symbol.png]
[mythemestore.com/friend-finder/css/emoji/back.png]
[mythemestore.com/friend-finder/css/emoji/baggage_claim.png]
[mythemestore.com/friend-finder/css/emoji/balloon.png]
[mythemestore.com/friend-finder/css/emoji/ballot_box_with_check.png]
[mythemestore.com/friend-finder/css/emoji/bamboo.png]
[mythemestore.com/friend-finder/css/emoji/banana.png]
[mythemestore.com/friend-finder/css/emoji/bangbang.png]
[mythemestore.com/friend-finder/css/emoji/bank.png]
[mythemestore.com/friend-finder/css/emoji/bar_chart.png]
[mythemestore.com/friend-finder/css/emoji/barber.png]
[mythemestore.com/friend-finder/css/emoji/baseball.png]
[mythemestore.com/friend-finder/css/emoji/basketball.png]
[mythemestore.com/friend-finder/css/emoji/bath.png]
[mythemestore.com/friend-finder/css/emoji/bathtub.png]
[mythemestore.com/friend-finder/css/emoji/battery.png]
[mythemestore.com/friend-finder/css/emoji/bear.png]
[mythemestore.com/friend-finder/css/emoji/bee.png]
[mythemestore.com/friend-finder/css/emoji/beer.png]
[mythemestore.com/friend-finder/css/emoji/beers.png]
[mythemestore.com/friend-finder/css/emoji/beetle.png]
[mythemestore.com/friend-finder/css/emoji/beginner.png]
[mythemestore.com/friend-finder/css/emoji/bell.png]
[mythemestore.com/friend-finder/css/emoji/bento.png]
[mythemestore.com/friend-finder/css/emoji/bicyclist.png]
[mythemestore.com/friend-finder/css/emoji/bike.png]
[mythemestore.com/friend-finder/css/emoji/bikini.png]
[mythemestore.com/friend-finder/css/emoji/bird.png]
[mythemestore.com/friend-finder/css/emoji/birthday.png]
[mythemestore.com/friend-finder/css/emoji/black_circle.png]
[mythemestore.com/friend-finder/css/emoji/black_joker.png]
[mythemestore.com/friend-finder/css/emoji/black_medium_small_square.png]
[mythemestore.com/friend-finder/css/emoji/black_medium_square.png]
[mythemestore.com/friend-finder/css/emoji/black_nib.png]
[mythemestore.com/friend-finder/css/emoji/black_small_square.png]
[mythemestore.com/friend-finder/css/emoji/black_square.png]
[mythemestore.com/friend-finder/css/emoji/black_square_button.png]
[mythemestore.com/friend-finder/css/emoji/blossom.png]
[mythemestore.com/friend-finder/css/emoji/blowfish.png]
[mythemestore.com/friend-finder/css/emoji/blue_book.png]
[mythemestore.com/friend-finder/css/emoji/blue_car.png]
[mythemestore.com/friend-finder/css/emoji/blue_heart.png]
[mythemestore.com/friend-finder/css/emoji/blush.png]
[mythemestore.com/friend-finder/css/emoji/boar.png]
[mythemestore.com/friend-finder/css/emoji/boat.png]
[mythemestore.com/friend-finder/css/emoji/bomb.png]
[mythemestore.com/friend-finder/css/emoji/book.png]
[mythemestore.com/friend-finder/css/emoji/bookmark.png]
[mythemestore.com/friend-finder/css/emoji/bookmark_tabs.png]
[mythemestore.com/friend-finder/css/emoji/books.png]
[mythemestore.com/friend-finder/css/emoji/boom.png]
[mythemestore.com/friend-finder/css/emoji/boot.png]
[mythemestore.com/friend-finder/css/emoji/bouquet.png]
[mythemestore.com/friend-finder/css/emoji/bow.png]
[mythemestore.com/friend-finder/css/emoji/bowling.png]
[mythemestore.com/friend-finder/css/emoji/bowtie.png]
[mythemestore.com/friend-finder/css/emoji/boy.png]
[mythemestore.com/friend-finder/css/emoji/bread.png]
[mythemestore.com/friend-finder/css/emoji/bride_with_veil.png]
[mythemestore.com/friend-finder/css/emoji/bridge_at_night.png]
[mythemestore.com/friend-finder/css/emoji/briefcase.png]
[mythemestore.com/friend-finder/css/emoji/broken_heart.png]
[mythemestore.com/friend-finder/css/emoji/bug.png]
[mythemestore.com/friend-finder/css/emoji/bulb.png]
[mythemestore.com/friend-finder/css/emoji/bullettrain_front.png]
[mythemestore.com/friend-finder/css/emoji/bullettrain_side.png]
[mythemestore.com/friend-finder/css/emoji/bus.png]
[mythemestore.com/friend-finder/css/emoji/busstop.png]
[mythemestore.com/friend-finder/css/emoji/bust_in_silhouette.png]
[mythemestore.com/friend-finder/css/emoji/busts_in_silhouette.png]
[mythemestore.com/friend-finder/css/emoji/cactus.png]
[mythemestore.com/friend-finder/css/emoji/cake.png]
[mythemestore.com/friend-finder/css/emoji/calendar.png]
[mythemestore.com/friend-finder/css/emoji/calling.png]
[mythemestore.com/friend-finder/css/emoji/camel.png]
[mythemestore.com/friend-finder/css/emoji/camera.png]
[mythemestore.com/friend-finder/css/emoji/cancer.png]
[mythemestore.com/friend-finder/css/emoji/candy.png]
[mythemestore.com/friend-finder/css/emoji/capital_abcd.png]
[mythemestore.com/friend-finder/css/emoji/capricorn.png]
[mythemestore.com/friend-finder/css/emoji/car.png]
[mythemestore.com/friend-finder/css/emoji/card_index.png]
[mythemestore.com/friend-finder/css/emoji/carousel_horse.png]
[mythemestore.com/friend-finder/css/emoji/cat.png]
[mythemestore.com/friend-finder/css/emoji/cat2.png]
[mythemestore.com/friend-finder/css/emoji/cd.png]
[mythemestore.com/friend-finder/css/emoji/chart.png]
[mythemestore.com/friend-finder/css/emoji/chart_with_downwards_trend.png]
[mythemestore.com/friend-finder/css/emoji/chart_with_upwards_trend.png]
[mythemestore.com/friend-finder/css/emoji/checkered_flag.png]
[mythemestore.com/friend-finder/css/emoji/cherries.png]
[mythemestore.com/friend-finder/css/emoji/cherry_blossom.png]
[mythemestore.com/friend-finder/css/emoji/chestnut.png]
[mythemestore.com/friend-finder/css/emoji/chicken.png]
[mythemestore.com/friend-finder/css/emoji/children_crossing.png]
[mythemestore.com/friend-finder/css/emoji/chocolate_bar.png]
[mythemestore.com/friend-finder/css/emoji/christmas_tree.png]
[mythemestore.com/friend-finder/css/emoji/church.png]
[mythemestore.com/friend-finder/css/emoji/cinema.png]
[mythemestore.com/friend-finder/css/emoji/circus_tent.png]
[mythemestore.com/friend-finder/css/emoji/city_sunrise.png]
[mythemestore.com/friend-finder/css/emoji/city_sunset.png]
[mythemestore.com/friend-finder/css/emoji/cl.png]
[mythemestore.com/friend-finder/css/emoji/clap.png]
[mythemestore.com/friend-finder/css/emoji/clapper.png]
[mythemestore.com/friend-finder/css/emoji/clipboard.png]
[mythemestore.com/friend-finder/css/emoji/clock1.png]
[mythemestore.com/friend-finder/css/emoji/clock10.png]
[mythemestore.com/friend-finder/css/emoji/clock1030.png]
[mythemestore.com/friend-finder/css/emoji/clock11.png]
[mythemestore.com/friend-finder/css/emoji/clock1130.png]
[mythemestore.com/friend-finder/css/emoji/clock12.png]
[mythemestore.com/friend-finder/css/emoji/clock1230.png]
[mythemestore.com/friend-finder/css/emoji/clock130.png]
[mythemestore.com/friend-finder/css/emoji/clock2.png]
[mythemestore.com/friend-finder/css/emoji/clock230.png]
[mythemestore.com/friend-finder/css/emoji/clock3.png]
[mythemestore.com/friend-finder/css/emoji/clock330.png]
[mythemestore.com/friend-finder/css/emoji/clock4.png]
[mythemestore.com/friend-finder/css/emoji/clock430.png]
[mythemestore.com/friend-finder/css/emoji/clock5.png]
[mythemestore.com/friend-finder/css/emoji/clock530.png]
[mythemestore.com/friend-finder/css/emoji/clock6.png]
[mythemestore.com/friend-finder/css/emoji/clock630.png]
[mythemestore.com/friend-finder/css/emoji/clock7.png]
[mythemestore.com/friend-finder/css/emoji/clock730.png]
[mythemestore.com/friend-finder/css/emoji/clock8.png]
[mythemestore.com/friend-finder/css/emoji/clock830.png]
[mythemestore.com/friend-finder/css/emoji/clock9.png]
[mythemestore.com/friend-finder/css/emoji/clock930.png]
[mythemestore.com/friend-finder/css/emoji/closed_book.png]
[mythemestore.com/friend-finder/css/emoji/closed_lock_with_key.png]
[mythemestore.com/friend-finder/css/emoji/closed_umbrella.png]
[mythemestore.com/friend-finder/css/emoji/cloud.png]
[mythemestore.com/friend-finder/css/emoji/clubs.png]
[mythemestore.com/friend-finder/css/emoji/cn.png]
[mythemestore.com/friend-finder/css/emoji/cocktail.png]
[mythemestore.com/friend-finder/css/emoji/coffee.png]
[mythemestore.com/friend-finder/css/emoji/cold_sweat.png]
[mythemestore.com/friend-finder/css/emoji/collision.png]
[mythemestore.com/friend-finder/css/emoji/computer.png]
[mythemestore.com/friend-finder/css/emoji/confetti_ball.png]
[mythemestore.com/friend-finder/css/emoji/confounded.png]
[mythemestore.com/friend-finder/css/emoji/confused.png]
[mythemestore.com/friend-finder/css/emoji/congratulations.png]
[mythemestore.com/friend-finder/css/emoji/construction.png]
[mythemestore.com/friend-finder/css/emoji/construction_worker.png]
[mythemestore.com/friend-finder/css/emoji/convenience_store.png]
[mythemestore.com/friend-finder/css/emoji/cookie.png]
[mythemestore.com/friend-finder/css/emoji/cool.png]
[mythemestore.com/friend-finder/css/emoji/cop.png]
[mythemestore.com/friend-finder/css/emoji/copyright.png]
[mythemestore.com/friend-finder/css/emoji/corn.png]
[mythemestore.com/friend-finder/css/emoji/couple.png]
[mythemestore.com/friend-finder/css/emoji/couple_with_heart.png]
[mythemestore.com/friend-finder/css/emoji/couplekiss.png]
[mythemestore.com/friend-finder/css/emoji/cow.png]
[mythemestore.com/friend-finder/css/emoji/cow2.png]
[mythemestore.com/friend-finder/css/emoji/credit_card.png]
[mythemestore.com/friend-finder/css/emoji/crocodile.png]
[mythemestore.com/friend-finder/css/emoji/crossed_flags.png]
[mythemestore.com/friend-finder/css/emoji/crown.png]
[mythemestore.com/friend-finder/css/emoji/cry.png]
[mythemestore.com/friend-finder/css/emoji/crying_cat_face.png]
[mythemestore.com/friend-finder/css/emoji/crystal_ball.png]
[mythemestore.com/friend-finder/css/emoji/cupid.png]
[mythemestore.com/friend-finder/css/emoji/curly_loop.png]
[mythemestore.com/friend-finder/css/emoji/currency_exchange.png]
[mythemestore.com/friend-finder/css/emoji/curry.png]
[mythemestore.com/friend-finder/css/emoji/custard.png]
[mythemestore.com/friend-finder/css/emoji/customs.png]
[mythemestore.com/friend-finder/css/emoji/cyclone.png]
[mythemestore.com/friend-finder/css/emoji/dancer.png]
[mythemestore.com/friend-finder/css/emoji/dancers.png]
[mythemestore.com/friend-finder/css/emoji/dango.png]
[mythemestore.com/friend-finder/css/emoji/dart.png]
[mythemestore.com/friend-finder/css/emoji/dash.png]
[mythemestore.com/friend-finder/css/emoji/date.png]
[mythemestore.com/friend-finder/css/emoji/de.png]
[mythemestore.com/friend-finder/css/emoji/deciduous_tree.png]
[mythemestore.com/friend-finder/css/emoji/department_store.png]
[mythemestore.com/friend-finder/css/emoji/diamond_shape_with_a_dot_inside.png]
[mythemestore.com/friend-finder/css/emoji/diamonds.png]
[mythemestore.com/friend-finder/css/emoji/disappointed.png]
[mythemestore.com/friend-finder/css/emoji/disappointed_relieved.png]
[mythemestore.com/friend-finder/css/emoji/dizzy.png]
[mythemestore.com/friend-finder/css/emoji/dizzy_face.png]
[mythemestore.com/friend-finder/css/emoji/do_not_litter.png]
[mythemestore.com/friend-finder/css/emoji/dog.png]
[mythemestore.com/friend-finder/css/emoji/dog2.png]
[mythemestore.com/friend-finder/css/emoji/dollar.png]
[mythemestore.com/friend-finder/css/emoji/dolls.png]
[mythemestore.com/friend-finder/css/emoji/dolphin.png]
[mythemestore.com/friend-finder/css/emoji/donut.png]
[mythemestore.com/friend-finder/css/emoji/door.png]
[mythemestore.com/friend-finder/css/emoji/doughnut.png]
[mythemestore.com/friend-finder/css/emoji/dragon.png]
[mythemestore.com/friend-finder/css/emoji/dragon_face.png]
[mythemestore.com/friend-finder/css/emoji/dress.png]
[mythemestore.com/friend-finder/css/emoji/dromedary_camel.png]
[mythemestore.com/friend-finder/css/emoji/droplet.png]
[mythemestore.com/friend-finder/css/emoji/dvd.png]
[mythemestore.com/friend-finder/css/emoji/e-mail.png]
[mythemestore.com/friend-finder/css/emoji/ear.png]
[mythemestore.com/friend-finder/css/emoji/ear_of_rice.png]
[mythemestore.com/friend-finder/css/emoji/earth_africa.png]
[mythemestore.com/friend-finder/css/emoji/earth_americas.png]
[mythemestore.com/friend-finder/css/emoji/earth_asia.png]
[mythemestore.com/friend-finder/css/emoji/egg.png]
[mythemestore.com/friend-finder/css/emoji/eggplant.png]
[mythemestore.com/friend-finder/css/emoji/eight.png]
[mythemestore.com/friend-finder/css/emoji/eight_pointed_black_star.png]
[mythemestore.com/friend-finder/css/emoji/eight_spoked_asterisk.png]
[mythemestore.com/friend-finder/css/emoji/electric_plug.png]
[mythemestore.com/friend-finder/css/emoji/elephant.png]
[mythemestore.com/friend-finder/css/emoji/email.png]
[mythemestore.com/friend-finder/css/emoji/end.png]
[mythemestore.com/friend-finder/css/emoji/envelope.png]
[mythemestore.com/friend-finder/css/emoji/es.png]
[mythemestore.com/friend-finder/css/emoji/euro.png]
[mythemestore.com/friend-finder/css/emoji/european_castle.png]
[mythemestore.com/friend-finder/css/emoji/european_post_office.png]
[mythemestore.com/friend-finder/css/emoji/evergreen_tree.png]
[mythemestore.com/friend-finder/css/emoji/exclamation.png]
[mythemestore.com/friend-finder/css/emoji/expressionless.png]
[mythemestore.com/friend-finder/css/emoji/eyeglasses.png]
[mythemestore.com/friend-finder/css/emoji/eyes.png]
[mythemestore.com/friend-finder/css/emoji/facepunch.png]
[mythemestore.com/friend-finder/css/emoji/factory.png]
[mythemestore.com/friend-finder/css/emoji/fallen_leaf.png]
[mythemestore.com/friend-finder/css/emoji/family.png]
[mythemestore.com/friend-finder/css/emoji/fast_forward.png]
[mythemestore.com/friend-finder/css/emoji/fax.png]
[mythemestore.com/friend-finder/css/emoji/fearful.png]
[mythemestore.com/friend-finder/css/emoji/feelsgood.png]
[mythemestore.com/friend-finder/css/emoji/feet.png]
[mythemestore.com/friend-finder/css/emoji/ferris_wheel.png]
[mythemestore.com/friend-finder/css/emoji/file_folder.png]
[mythemestore.com/friend-finder/css/emoji/finnadie.png]
[mythemestore.com/friend-finder/css/emoji/fire.png]
[mythemestore.com/friend-finder/css/emoji/fire_engine.png]
[mythemestore.com/friend-finder/css/emoji/fireworks.png]
[mythemestore.com/friend-finder/css/emoji/first_quarter_moon.png]
[mythemestore.com/friend-finder/css/emoji/first_quarter_moon_with_face.png]
[mythemestore.com/friend-finder/css/emoji/fish.png]
[mythemestore.com/friend-finder/css/emoji/fish_cake.png]
[mythemestore.com/friend-finder/css/emoji/fishing_pole_and_fish.png]
[mythemestore.com/friend-finder/css/emoji/fist.png]
[mythemestore.com/friend-finder/css/emoji/five.png]
[mythemestore.com/friend-finder/css/emoji/flags.png]
[mythemestore.com/friend-finder/css/emoji/flashlight.png]
[mythemestore.com/friend-finder/css/emoji/floppy_disk.png]
[mythemestore.com/friend-finder/css/emoji/flower_playing_cards.png]
[mythemestore.com/friend-finder/css/emoji/flushed.png]
[mythemestore.com/friend-finder/css/emoji/foggy.png]
[mythemestore.com/friend-finder/css/emoji/football.png]
[mythemestore.com/friend-finder/css/emoji/fork_and_knife.png]
[mythemestore.com/friend-finder/css/emoji/fountain.png]
[mythemestore.com/friend-finder/css/emoji/four.png]
[mythemestore.com/friend-finder/css/emoji/four_leaf_clover.png]
[mythemestore.com/friend-finder/css/emoji/fr.png]
[mythemestore.com/friend-finder/css/emoji/free.png]
[mythemestore.com/friend-finder/css/emoji/fried_shrimp.png]
[mythemestore.com/friend-finder/css/emoji/fries.png]
[mythemestore.com/friend-finder/css/emoji/frog.png]
[mythemestore.com/friend-finder/css/emoji/frowning.png]
[mythemestore.com/friend-finder/css/emoji/fu.png]
[mythemestore.com/friend-finder/css/emoji/fuelpump.png]
[mythemestore.com/friend-finder/css/emoji/full_moon.png]
[mythemestore.com/friend-finder/css/emoji/full_moon_with_face.png]
[mythemestore.com/friend-finder/css/emoji/game_die.png]
[mythemestore.com/friend-finder/css/emoji/gb.png]
[mythemestore.com/friend-finder/css/emoji/gem.png]
[mythemestore.com/friend-finder/css/emoji/gemini.png]
[mythemestore.com/friend-finder/css/emoji/ghost.png]
[mythemestore.com/friend-finder/css/emoji/gift.png]
[mythemestore.com/friend-finder/css/emoji/gift_heart.png]
[mythemestore.com/friend-finder/css/emoji/girl.png]
[mythemestore.com/friend-finder/css/emoji/globe_with_meridians.png]
[mythemestore.com/friend-finder/css/emoji/goat.png]
[mythemestore.com/friend-finder/css/emoji/goberserk.png]
[mythemestore.com/friend-finder/css/emoji/godmode.png]
[mythemestore.com/friend-finder/css/emoji/golf.png]
[mythemestore.com/friend-finder/css/emoji/grapes.png]
[mythemestore.com/friend-finder/css/emoji/green_apple.png]
[mythemestore.com/friend-finder/css/emoji/green_book.png]
[mythemestore.com/friend-finder/css/emoji/green_heart.png]
[mythemestore.com/friend-finder/css/emoji/grey_exclamation.png]
[mythemestore.com/friend-finder/css/emoji/grey_question.png]
[mythemestore.com/friend-finder/css/emoji/grimacing.png]
[mythemestore.com/friend-finder/css/emoji/grin.png]
[mythemestore.com/friend-finder/css/emoji/grinning.png]
[mythemestore.com/friend-finder/css/emoji/guardsman.png]
[mythemestore.com/friend-finder/css/emoji/guitar.png]
[mythemestore.com/friend-finder/css/emoji/gun.png]
[mythemestore.com/friend-finder/css/emoji/haircut.png]
[mythemestore.com/friend-finder/css/emoji/hamburger.png]
[mythemestore.com/friend-finder/css/emoji/hammer.png]
[mythemestore.com/friend-finder/css/emoji/hamster.png]
[mythemestore.com/friend-finder/css/emoji/hand.png]
[mythemestore.com/friend-finder/css/emoji/handbag.png]
[mythemestore.com/friend-finder/css/emoji/hankey.png]
[mythemestore.com/friend-finder/css/emoji/hash.png]
[mythemestore.com/friend-finder/css/emoji/hatched_chick.png]
[mythemestore.com/friend-finder/css/emoji/hatching_chick.png]
[mythemestore.com/friend-finder/css/emoji/headphones.png]
[mythemestore.com/friend-finder/css/emoji/hear_no_evil.png]
[mythemestore.com/friend-finder/css/emoji/heart.png]
[mythemestore.com/friend-finder/css/emoji/heart_decoration.png]
[mythemestore.com/friend-finder/css/emoji/heart_eyes.png]
[mythemestore.com/friend-finder/css/emoji/heart_eyes_cat.png]
[mythemestore.com/friend-finder/css/emoji/heartbeat.png]
[mythemestore.com/friend-finder/css/emoji/heartpulse.png]
[mythemestore.com/friend-finder/css/emoji/hearts.png]
[mythemestore.com/friend-finder/css/emoji/heavy_check_mark.png]
[mythemestore.com/friend-finder/css/emoji/heavy_division_sign.png]
[mythemestore.com/friend-finder/css/emoji/heavy_dollar_sign.png]
[mythemestore.com/friend-finder/css/emoji/heavy_exclamation_mark.png]
[mythemestore.com/friend-finder/css/emoji/heavy_minus_sign.png]
[mythemestore.com/friend-finder/css/emoji/heavy_multiplication_x.png]
[mythemestore.com/friend-finder/css/emoji/heavy_plus_sign.png]
[mythemestore.com/friend-finder/css/emoji/helicopter.png]
[mythemestore.com/friend-finder/css/emoji/herb.png]
[mythemestore.com/friend-finder/css/emoji/hibiscus.png]
[mythemestore.com/friend-finder/css/emoji/high_brightness.png]
[mythemestore.com/friend-finder/css/emoji/high_heel.png]
[mythemestore.com/friend-finder/css/emoji/hocho.png]
[mythemestore.com/friend-finder/css/emoji/honey_pot.png]
[mythemestore.com/friend-finder/css/emoji/honeybee.png]
[mythemestore.com/friend-finder/css/emoji/horse.png]
[mythemestore.com/friend-finder/css/emoji/horse_racing.png]
[mythemestore.com/friend-finder/css/emoji/hospital.png]
[mythemestore.com/friend-finder/css/emoji/hotel.png]
[mythemestore.com/friend-finder/css/emoji/hotsprings.png]
[mythemestore.com/friend-finder/css/emoji/hourglass.png]
[mythemestore.com/friend-finder/css/emoji/hourglass_flowing_sand.png]
[mythemestore.com/friend-finder/css/emoji/house.png]
[mythemestore.com/friend-finder/css/emoji/house_with_garden.png]
[mythemestore.com/friend-finder/css/emoji/hurtrealbad.png]
[mythemestore.com/friend-finder/css/emoji/hushed.png]
[mythemestore.com/friend-finder/css/emoji/ice_cream.png]
[mythemestore.com/friend-finder/css/emoji/icecream.png]
[mythemestore.com/friend-finder/css/emoji/id.png]
[mythemestore.com/friend-finder/css/emoji/ideograph_advantage.png]
[mythemestore.com/friend-finder/css/emoji/imp.png]
[mythemestore.com/friend-finder/css/emoji/inbox_tray.png]
[mythemestore.com/friend-finder/css/emoji/incoming_envelope.png]
[mythemestore.com/friend-finder/css/emoji/information_desk_person.png]
[mythemestore.com/friend-finder/css/emoji/information_source.png]
[mythemestore.com/friend-finder/css/emoji/innocent.png]
[mythemestore.com/friend-finder/css/emoji/interrobang.png]
[mythemestore.com/friend-finder/css/emoji/iphone.png]
[mythemestore.com/friend-finder/css/emoji/it.png]
[mythemestore.com/friend-finder/css/emoji/izakaya_lantern.png]
[mythemestore.com/friend-finder/css/emoji/jack_o_lantern.png]
[mythemestore.com/friend-finder/css/emoji/japan.png]
[mythemestore.com/friend-finder/css/emoji/japanese_castle.png]
[mythemestore.com/friend-finder/css/emoji/japanese_goblin.png]
[mythemestore.com/friend-finder/css/emoji/japanese_ogre.png]
[mythemestore.com/friend-finder/css/emoji/jeans.png]
[mythemestore.com/friend-finder/css/emoji/joy.png]
[mythemestore.com/friend-finder/css/emoji/joy_cat.png]
[mythemestore.com/friend-finder/css/emoji/jp.png]
[mythemestore.com/friend-finder/css/emoji/key.png]
[mythemestore.com/friend-finder/css/emoji/keycap_ten.png]
[mythemestore.com/friend-finder/css/emoji/kimono.png]
[mythemestore.com/friend-finder/css/emoji/kiss.png]
[mythemestore.com/friend-finder/css/emoji/kissing.png]
[mythemestore.com/friend-finder/css/emoji/kissing_cat.png]
[mythemestore.com/friend-finder/css/emoji/kissing_closed_eyes.png]
[mythemestore.com/friend-finder/css/emoji/kissing_face.png]
[mythemestore.com/friend-finder/css/emoji/kissing_heart.png]
[mythemestore.com/friend-finder/css/emoji/kissing_smiling_eyes.png]
[mythemestore.com/friend-finder/css/emoji/koala.png]
[mythemestore.com/friend-finder/css/emoji/koko.png]
[mythemestore.com/friend-finder/css/emoji/kr.png]
[mythemestore.com/friend-finder/css/emoji/large_blue_circle.png]
[mythemestore.com/friend-finder/css/emoji/large_blue_diamond.png]
[mythemestore.com/friend-finder/css/emoji/large_orange_diamond.png]
[mythemestore.com/friend-finder/css/emoji/last_quarter_moon.png]
[mythemestore.com/friend-finder/css/emoji/last_quarter_moon_with_face.png]
[mythemestore.com/friend-finder/css/emoji/laughing.png]
[mythemestore.com/friend-finder/css/emoji/leaves.png]
[mythemestore.com/friend-finder/css/emoji/ledger.png]
[mythemestore.com/friend-finder/css/emoji/left_luggage.png]
[mythemestore.com/friend-finder/css/emoji/left_right_arrow.png]
[mythemestore.com/friend-finder/css/emoji/leftwards_arrow_with_hook.png]
[mythemestore.com/friend-finder/css/emoji/lemon.png]
[mythemestore.com/friend-finder/css/emoji/leo.png]
[mythemestore.com/friend-finder/css/emoji/leopard.png]
[mythemestore.com/friend-finder/css/emoji/libra.png]
[mythemestore.com/friend-finder/css/emoji/light_rail.png]
[mythemestore.com/friend-finder/css/emoji/link.png]
[mythemestore.com/friend-finder/css/emoji/lips.png]
[mythemestore.com/friend-finder/css/emoji/lipstick.png]
[mythemestore.com/friend-finder/css/emoji/lock.png]
[mythemestore.com/friend-finder/css/emoji/lock_with_ink_pen.png]
[mythemestore.com/friend-finder/css/emoji/lollipop.png]
[mythemestore.com/friend-finder/css/emoji/loop.png]
[mythemestore.com/friend-finder/css/emoji/loudspeaker.png]
[mythemestore.com/friend-finder/css/emoji/love_hotel.png]
[mythemestore.com/friend-finder/css/emoji/love_letter.png]
[mythemestore.com/friend-finder/css/emoji/low_brightness.png]
[mythemestore.com/friend-finder/css/emoji/m.png]
[mythemestore.com/friend-finder/css/emoji/mag.png]
[mythemestore.com/friend-finder/css/emoji/mag_right.png]
[mythemestore.com/friend-finder/css/emoji/mahjong.png]
[mythemestore.com/friend-finder/css/emoji/mailbox.png]
[mythemestore.com/friend-finder/css/emoji/mailbox_closed.png]
[mythemestore.com/friend-finder/css/emoji/mailbox_with_mail.png]
[mythemestore.com/friend-finder/css/emoji/mailbox_with_no_mail.png]
[mythemestore.com/friend-finder/css/emoji/man.png]
[mythemestore.com/friend-finder/css/emoji/man_with_gua_pi_mao.png]
[mythemestore.com/friend-finder/css/emoji/man_with_turban.png]
[mythemestore.com/friend-finder/css/emoji/mans_shoe.png]
[mythemestore.com/friend-finder/css/emoji/maple_leaf.png]
[mythemestore.com/friend-finder/css/emoji/mask.png]
[mythemestore.com/friend-finder/css/emoji/massage.png]
[mythemestore.com/friend-finder/css/emoji/meat_on_bone.png]
[mythemestore.com/friend-finder/css/emoji/mega.png]
[mythemestore.com/friend-finder/css/emoji/melon.png]
[mythemestore.com/friend-finder/css/emoji/memo.png]
[mythemestore.com/friend-finder/css/emoji/mens.png]
[mythemestore.com/friend-finder/css/emoji/metal.png]
[mythemestore.com/friend-finder/css/emoji/metro.png]
[mythemestore.com/friend-finder/css/emoji/microphone.png]
[mythemestore.com/friend-finder/css/emoji/microscope.png]
[mythemestore.com/friend-finder/css/emoji/milky_way.png]
[mythemestore.com/friend-finder/css/emoji/minibus.png]
[mythemestore.com/friend-finder/css/emoji/minidisc.png]
[mythemestore.com/friend-finder/css/emoji/mobile_phone_off.png]
[mythemestore.com/friend-finder/css/emoji/money_with_wings.png]
[mythemestore.com/friend-finder/css/emoji/moneybag.png]
[mythemestore.com/friend-finder/css/emoji/monkey.png]
[mythemestore.com/friend-finder/css/emoji/monkey_face.png]
[mythemestore.com/friend-finder/css/emoji/monorail.png]
[mythemestore.com/friend-finder/css/emoji/moon.png]
[mythemestore.com/friend-finder/css/emoji/mortar_board.png]
[mythemestore.com/friend-finder/css/emoji/mount_fuji.png]
[mythemestore.com/friend-finder/css/emoji/mountain_bicyclist.png]
[mythemestore.com/friend-finder/css/emoji/mountain_cableway.png]
[mythemestore.com/friend-finder/css/emoji/mountain_railway.png]
[mythemestore.com/friend-finder/css/emoji/mouse.png]
[mythemestore.com/friend-finder/css/emoji/mouse2.png]
[mythemestore.com/friend-finder/css/emoji/movie_camera.png]
[mythemestore.com/friend-finder/css/emoji/moyai.png]
[mythemestore.com/friend-finder/css/emoji/muscle.png]
[mythemestore.com/friend-finder/css/emoji/mushroom.png]
[mythemestore.com/friend-finder/css/emoji/musical_keyboard.png]
[mythemestore.com/friend-finder/css/emoji/musical_note.png]
[mythemestore.com/friend-finder/css/emoji/musical_score.png]
[mythemestore.com/friend-finder/css/emoji/mute.png]
[mythemestore.com/friend-finder/css/emoji/nail_care.png]
[mythemestore.com/friend-finder/css/emoji/name_badge.png]
[mythemestore.com/friend-finder/css/emoji/neckbeard.png]
[mythemestore.com/friend-finder/css/emoji/necktie.png]
[mythemestore.com/friend-finder/css/emoji/negative_squared_cross_mark.png]
[mythemestore.com/friend-finder/css/emoji/neutral_face.png]
[mythemestore.com/friend-finder/css/emoji/new.png]
[mythemestore.com/friend-finder/css/emoji/new_moon.png]
[mythemestore.com/friend-finder/css/emoji/new_moon_with_face.png]
[mythemestore.com/friend-finder/css/emoji/newspaper.png]
[mythemestore.com/friend-finder/css/emoji/ng.png]
[mythemestore.com/friend-finder/css/emoji/nine.png]
[mythemestore.com/friend-finder/css/emoji/no_bell.png]
[mythemestore.com/friend-finder/css/emoji/no_bicycles.png]
[mythemestore.com/friend-finder/css/emoji/no_entry.png]
[mythemestore.com/friend-finder/css/emoji/no_entry_sign.png]
[mythemestore.com/friend-finder/css/emoji/no_good.png]
[mythemestore.com/friend-finder/css/emoji/no_mobile_phones.png]
[mythemestore.com/friend-finder/css/emoji/no_mouth.png]
[mythemestore.com/friend-finder/css/emoji/no_pedestrians.png]
[mythemestore.com/friend-finder/css/emoji/no_smoking.png]
[mythemestore.com/friend-finder/css/emoji/non-potable_water.png]
[mythemestore.com/friend-finder/css/emoji/nose.png]
[mythemestore.com/friend-finder/css/emoji/notebook.png]
[mythemestore.com/friend-finder/css/emoji/notebook_with_decorative_cover.png]
[mythemestore.com/friend-finder/css/emoji/notes.png]
[mythemestore.com/friend-finder/css/emoji/nut_and_bolt.png]
[mythemestore.com/friend-finder/css/emoji/o.png]
[mythemestore.com/friend-finder/css/emoji/o2.png]
[mythemestore.com/friend-finder/css/emoji/ocean.png]
[mythemestore.com/friend-finder/css/emoji/octocat.png]
[mythemestore.com/friend-finder/css/emoji/octopus.png]
[mythemestore.com/friend-finder/css/emoji/oden.png]
[mythemestore.com/friend-finder/css/emoji/office.png]
[mythemestore.com/friend-finder/css/emoji/ok.png]
[mythemestore.com/friend-finder/css/emoji/ok_hand.png]
[mythemestore.com/friend-finder/css/emoji/ok_woman.png]
[mythemestore.com/friend-finder/css/emoji/older_man.png]
[mythemestore.com/friend-finder/css/emoji/older_woman.png]
[mythemestore.com/friend-finder/css/emoji/on.png]
[mythemestore.com/friend-finder/css/emoji/oncoming_automobile.png]
[mythemestore.com/friend-finder/css/emoji/oncoming_bus.png]
[mythemestore.com/friend-finder/css/emoji/oncoming_police_car.png]
[mythemestore.com/friend-finder/css/emoji/oncoming_taxi.png]
[mythemestore.com/friend-finder/css/emoji/one.png]
[mythemestore.com/friend-finder/css/emoji/open_file_folder.png]
[mythemestore.com/friend-finder/css/emoji/open_hands.png]
[mythemestore.com/friend-finder/css/emoji/open_mouth.png]
[mythemestore.com/friend-finder/css/emoji/ophiuchus.png]
[mythemestore.com/friend-finder/css/emoji/orange_book.png]
[mythemestore.com/friend-finder/css/emoji/outbox_tray.png]
[mythemestore.com/friend-finder/css/emoji/ox.png]
[mythemestore.com/friend-finder/css/emoji/package.png]
[mythemestore.com/friend-finder/css/emoji/page_facing_up.png]
[mythemestore.com/friend-finder/css/emoji/page_with_curl.png]
[mythemestore.com/friend-finder/css/emoji/pager.png]
[mythemestore.com/friend-finder/css/emoji/palm_tree.png]
[mythemestore.com/friend-finder/css/emoji/panda_face.png]
[mythemestore.com/friend-finder/css/emoji/paperclip.png]
[mythemestore.com/friend-finder/css/emoji/parking.png]
[mythemestore.com/friend-finder/css/emoji/part_alternation_mark.png]
[mythemestore.com/friend-finder/css/emoji/partly_sunny.png]
[mythemestore.com/friend-finder/css/emoji/passport_control.png]
[mythemestore.com/friend-finder/css/emoji/paw_prints.png]
[mythemestore.com/friend-finder/css/emoji/peach.png]
[mythemestore.com/friend-finder/css/emoji/pear.png]
[mythemestore.com/friend-finder/css/emoji/pencil.png]
[mythemestore.com/friend-finder/css/emoji/pencil2.png]
[mythemestore.com/friend-finder/css/emoji/penguin.png]
[mythemestore.com/friend-finder/css/emoji/pensive.png]
[mythemestore.com/friend-finder/css/emoji/performing_arts.png]
[mythemestore.com/friend-finder/css/emoji/persevere.png]
[mythemestore.com/friend-finder/css/emoji/person_frowning.png]
[mythemestore.com/friend-finder/css/emoji/person_with_blond_hair.png]
[mythemestore.com/friend-finder/css/emoji/person_with_pouting_face.png]
[mythemestore.com/friend-finder/css/emoji/phone.png]
[mythemestore.com/friend-finder/css/emoji/pig.png]
[mythemestore.com/friend-finder/css/emoji/pig2.png]
[mythemestore.com/friend-finder/css/emoji/pig_nose.png]
[mythemestore.com/friend-finder/css/emoji/pill.png]
[mythemestore.com/friend-finder/css/emoji/pineapple.png]
[mythemestore.com/friend-finder/css/emoji/pisces.png]
[mythemestore.com/friend-finder/css/emoji/pizza.png]
[mythemestore.com/friend-finder/css/emoji/plus1.png]
[mythemestore.com/friend-finder/css/emoji/point_down.png]
[mythemestore.com/friend-finder/css/emoji/point_left.png]
[mythemestore.com/friend-finder/css/emoji/point_right.png]
[mythemestore.com/friend-finder/css/emoji/point_up.png]
[mythemestore.com/friend-finder/css/emoji/point_up_2.png]
[mythemestore.com/friend-finder/css/emoji/police_car.png]
[mythemestore.com/friend-finder/css/emoji/poodle.png]
[mythemestore.com/friend-finder/css/emoji/poop.png]
[mythemestore.com/friend-finder/css/emoji/post_office.png]
[mythemestore.com/friend-finder/css/emoji/postal_horn.png]
[mythemestore.com/friend-finder/css/emoji/postbox.png]
[mythemestore.com/friend-finder/css/emoji/potable_water.png]
[mythemestore.com/friend-finder/css/emoji/pouch.png]
[mythemestore.com/friend-finder/css/emoji/poultry_leg.png]
[mythemestore.com/friend-finder/css/emoji/pound.png]
[mythemestore.com/friend-finder/css/emoji/pouting_cat.png]
[mythemestore.com/friend-finder/css/emoji/pray.png]
[mythemestore.com/friend-finder/css/emoji/princess.png]
[mythemestore.com/friend-finder/css/emoji/punch.png]
[mythemestore.com/friend-finder/css/emoji/purple_heart.png]
[mythemestore.com/friend-finder/css/emoji/purse.png]
[mythemestore.com/friend-finder/css/emoji/pushpin.png]
[mythemestore.com/friend-finder/css/emoji/put_litter_in_its_place.png]
[mythemestore.com/friend-finder/css/emoji/question.png]
[mythemestore.com/friend-finder/css/emoji/rabbit.png]
[mythemestore.com/friend-finder/css/emoji/rabbit2.png]
[mythemestore.com/friend-finder/css/emoji/racehorse.png]
[mythemestore.com/friend-finder/css/emoji/radio.png]
[mythemestore.com/friend-finder/css/emoji/radio_button.png]
[mythemestore.com/friend-finder/css/emoji/rage.png]
[mythemestore.com/friend-finder/css/emoji/rage1.png]
[mythemestore.com/friend-finder/css/emoji/rage2.png]
[mythemestore.com/friend-finder/css/emoji/rage3.png]
[mythemestore.com/friend-finder/css/emoji/rage4.png]
[mythemestore.com/friend-finder/css/emoji/railway_car.png]
[mythemestore.com/friend-finder/css/emoji/rainbow.png]
[mythemestore.com/friend-finder/css/emoji/raised_hand.png]
[mythemestore.com/friend-finder/css/emoji/raised_hands.png]
[mythemestore.com/friend-finder/css/emoji/raising_hand.png]
[mythemestore.com/friend-finder/css/emoji/ram.png]
[mythemestore.com/friend-finder/css/emoji/ramen.png]
[mythemestore.com/friend-finder/css/emoji/rat.png]
[mythemestore.com/friend-finder/css/emoji/recycle.png]
[mythemestore.com/friend-finder/css/emoji/red_car.png]
[mythemestore.com/friend-finder/css/emoji/red_circle.png]
[mythemestore.com/friend-finder/css/emoji/registered.png]
[mythemestore.com/friend-finder/css/emoji/relaxed.png]
[mythemestore.com/friend-finder/css/emoji/relieved.png]
[mythemestore.com/friend-finder/css/emoji/repeat.png]
[mythemestore.com/friend-finder/css/emoji/repeat_one.png]
[mythemestore.com/friend-finder/css/emoji/restroom.png]
[mythemestore.com/friend-finder/css/emoji/revolving_hearts.png]
[mythemestore.com/friend-finder/css/emoji/rewind.png]
[mythemestore.com/friend-finder/css/emoji/ribbon.png]
[mythemestore.com/friend-finder/css/emoji/rice.png]
[mythemestore.com/friend-finder/css/emoji/rice_ball.png]
[mythemestore.com/friend-finder/css/emoji/rice_cracker.png]
[mythemestore.com/friend-finder/css/emoji/rice_scene.png]
[mythemestore.com/friend-finder/css/emoji/ring.png]
[mythemestore.com/friend-finder/css/emoji/rocket.png]
[mythemestore.com/friend-finder/css/emoji/roller_coaster.png]
[mythemestore.com/friend-finder/css/emoji/rooster.png]
[mythemestore.com/friend-finder/css/emoji/rose.png]
[mythemestore.com/friend-finder/css/emoji/rotating_light.png]
[mythemestore.com/friend-finder/css/emoji/round_pushpin.png]
[mythemestore.com/friend-finder/css/emoji/rowboat.png]
[mythemestore.com/friend-finder/css/emoji/ru.png]
[mythemestore.com/friend-finder/css/emoji/rugby_football.png]
[mythemestore.com/friend-finder/css/emoji/runner.png]
[mythemestore.com/friend-finder/css/emoji/running.png]
[mythemestore.com/friend-finder/css/emoji/running_shirt_with_sash.png]
[mythemestore.com/friend-finder/css/emoji/sa.png]
[mythemestore.com/friend-finder/css/emoji/sagittarius.png]
[mythemestore.com/friend-finder/css/emoji/sailboat.png]
[mythemestore.com/friend-finder/css/emoji/sake.png]
[mythemestore.com/friend-finder/css/emoji/sandal.png]
[mythemestore.com/friend-finder/css/emoji/santa.png]
[mythemestore.com/friend-finder/css/emoji/satellite.png]
[mythemestore.com/friend-finder/css/emoji/satisfied.png]
[mythemestore.com/friend-finder/css/emoji/saxophone.png]
[mythemestore.com/friend-finder/css/emoji/school.png]
[mythemestore.com/friend-finder/css/emoji/school_satchel.png]
[mythemestore.com/friend-finder/css/emoji/scissors.png]
[mythemestore.com/friend-finder/css/emoji/scorpius.png]
[mythemestore.com/friend-finder/css/emoji/scream.png]
[mythemestore.com/friend-finder/css/emoji/scream_cat.png]
[mythemestore.com/friend-finder/css/emoji/scroll.png]
[mythemestore.com/friend-finder/css/emoji/seat.png]
[mythemestore.com/friend-finder/css/emoji/secret.png]
[mythemestore.com/friend-finder/css/emoji/see_no_evil.png]
[mythemestore.com/friend-finder/css/emoji/seedling.png]
[mythemestore.com/friend-finder/css/emoji/seven.png]
[mythemestore.com/friend-finder/css/emoji/shaved_ice.png]
[mythemestore.com/friend-finder/css/emoji/sheep.png]
[mythemestore.com/friend-finder/css/emoji/shell.png]
[mythemestore.com/friend-finder/css/emoji/ship.png]
[mythemestore.com/friend-finder/css/emoji/shipit.png]
[mythemestore.com/friend-finder/css/emoji/shirt.png]
[mythemestore.com/friend-finder/css/emoji/shit.png]
[mythemestore.com/friend-finder/css/emoji/shoe.png]
[mythemestore.com/friend-finder/css/emoji/shower.png]
[mythemestore.com/friend-finder/css/emoji/signal_strength.png]
[mythemestore.com/friend-finder/css/emoji/six.png]
[mythemestore.com/friend-finder/css/emoji/six_pointed_star.png]
[mythemestore.com/friend-finder/css/emoji/ski.png]
[mythemestore.com/friend-finder/css/emoji/skull.png]
[mythemestore.com/friend-finder/css/emoji/sleeping.png]
[mythemestore.com/friend-finder/css/emoji/sleepy.png]
[mythemestore.com/friend-finder/css/emoji/slot_machine.png]
[mythemestore.com/friend-finder/css/emoji/small_blue_diamond.png]
[mythemestore.com/friend-finder/css/emoji/small_orange_diamond.png]
[mythemestore.com/friend-finder/css/emoji/small_red_triangle.png]
[mythemestore.com/friend-finder/css/emoji/small_red_triangle_down.png]
[mythemestore.com/friend-finder/css/emoji/smile.png]
[mythemestore.com/friend-finder/css/emoji/smile_cat.png]
[mythemestore.com/friend-finder/css/emoji/smiley.png]
[mythemestore.com/friend-finder/css/emoji/smiley_cat.png]
[mythemestore.com/friend-finder/css/emoji/smiling_imp.png]
[mythemestore.com/friend-finder/css/emoji/smirk.png]
[mythemestore.com/friend-finder/css/emoji/smirk_cat.png]
[mythemestore.com/friend-finder/css/emoji/smoking.png]
[mythemestore.com/friend-finder/css/emoji/snail.png]
[mythemestore.com/friend-finder/css/emoji/snake.png]
[mythemestore.com/friend-finder/css/emoji/snowboarder.png]
[mythemestore.com/friend-finder/css/emoji/snowflake.png]
[mythemestore.com/friend-finder/css/emoji/snowman.png]
[mythemestore.com/friend-finder/css/emoji/sob.png]
[mythemestore.com/friend-finder/css/emoji/soccer.png]
[mythemestore.com/friend-finder/css/emoji/soon.png]
[mythemestore.com/friend-finder/css/emoji/sos.png]
[mythemestore.com/friend-finder/css/emoji/sound.png]
[mythemestore.com/friend-finder/css/emoji/space_invader.png]
[mythemestore.com/friend-finder/css/emoji/spades.png]
[mythemestore.com/friend-finder/css/emoji/spaghetti.png]
[mythemestore.com/friend-finder/css/emoji/sparkle.png]
[mythemestore.com/friend-finder/css/emoji/sparkler.png]
[mythemestore.com/friend-finder/css/emoji/sparkles.png]
[mythemestore.com/friend-finder/css/emoji/sparkling_heart.png]
[mythemestore.com/friend-finder/css/emoji/speak_no_evil.png]
[mythemestore.com/friend-finder/css/emoji/speaker.png]
[mythemestore.com/friend-finder/css/emoji/speech_balloon.png]
[mythemestore.com/friend-finder/css/emoji/speedboat.png]
[mythemestore.com/friend-finder/css/emoji/squirrel.png]
[mythemestore.com/friend-finder/css/emoji/star.png]
[mythemestore.com/friend-finder/css/emoji/star2.png]
[mythemestore.com/friend-finder/css/emoji/stars.png]
[mythemestore.com/friend-finder/css/emoji/station.png]
[mythemestore.com/friend-finder/css/emoji/statue_of_liberty.png]
[mythemestore.com/friend-finder/css/emoji/steam_locomotive.png]
[mythemestore.com/friend-finder/css/emoji/stew.png]
[mythemestore.com/friend-finder/css/emoji/straight_ruler.png]
[mythemestore.com/friend-finder/css/emoji/strawberry.png]
[mythemestore.com/friend-finder/css/emoji/stuck_out_tongue.png]
[mythemestore.com/friend-finder/css/emoji/stuck_out_tongue_closed_eyes.png]
[mythemestore.com/friend-finder/css/emoji/stuck_out_tongue_winking_eye.png]
[mythemestore.com/friend-finder/css/emoji/sun_with_face.png]
[mythemestore.com/friend-finder/css/emoji/sunflower.png]
[mythemestore.com/friend-finder/css/emoji/sunglasses.png]
[mythemestore.com/friend-finder/css/emoji/sunny.png]
[mythemestore.com/friend-finder/css/emoji/sunrise.png]
[mythemestore.com/friend-finder/css/emoji/sunrise_over_mountains.png]
[mythemestore.com/friend-finder/css/emoji/surfer.png]
[mythemestore.com/friend-finder/css/emoji/sushi.png]
[mythemestore.com/friend-finder/css/emoji/suspect.png]
[mythemestore.com/friend-finder/css/emoji/suspension_railway.png]
[mythemestore.com/friend-finder/css/emoji/sweat.png]
[mythemestore.com/friend-finder/css/emoji/sweat_drops.png]
[mythemestore.com/friend-finder/css/emoji/sweat_smile.png]
[mythemestore.com/friend-finder/css/emoji/sweet_potato.png]
[mythemestore.com/friend-finder/css/emoji/swimmer.png]
[mythemestore.com/friend-finder/css/emoji/symbols.png]
[mythemestore.com/friend-finder/css/emoji/syringe.png]
[mythemestore.com/friend-finder/css/emoji/tada.png]
[mythemestore.com/friend-finder/css/emoji/tanabata_tree.png]
[mythemestore.com/friend-finder/css/emoji/tangerine.png]
[mythemestore.com/friend-finder/css/emoji/taurus.png]
[mythemestore.com/friend-finder/css/emoji/taxi.png]
[mythemestore.com/friend-finder/css/emoji/tea.png]
[mythemestore.com/friend-finder/css/emoji/telephone.png]
[mythemestore.com/friend-finder/css/emoji/telephone_receiver.png]
[mythemestore.com/friend-finder/css/emoji/telescope.png]
[mythemestore.com/friend-finder/css/emoji/tennis.png]
[mythemestore.com/friend-finder/css/emoji/tent.png]
[mythemestore.com/friend-finder/css/emoji/thought_balloon.png]
[mythemestore.com/friend-finder/css/emoji/three.png]
[mythemestore.com/friend-finder/css/emoji/thumbsdown.png]
[mythemestore.com/friend-finder/css/emoji/thumbsup.png]
[mythemestore.com/friend-finder/css/emoji/ticket.png]
[mythemestore.com/friend-finder/css/emoji/tiger.png]
[mythemestore.com/friend-finder/css/emoji/tiger2.png]
[mythemestore.com/friend-finder/css/emoji/tired_face.png]
[mythemestore.com/friend-finder/css/emoji/tm.png]
[mythemestore.com/friend-finder/css/emoji/toilet.png]
[mythemestore.com/friend-finder/css/emoji/tokyo_tower.png]
[mythemestore.com/friend-finder/css/emoji/tomato.png]
[mythemestore.com/friend-finder/css/emoji/tongue.png]
[mythemestore.com/friend-finder/css/emoji/top.png]
[mythemestore.com/friend-finder/css/emoji/tophat.png]
[mythemestore.com/friend-finder/css/emoji/tractor.png]
[mythemestore.com/friend-finder/css/emoji/traffic_light.png]
[mythemestore.com/friend-finder/css/emoji/train.png]
[mythemestore.com/friend-finder/css/emoji/train2.png]
[mythemestore.com/friend-finder/css/emoji/tram.png]
[mythemestore.com/friend-finder/css/emoji/triangular_flag_on_post.png]
[mythemestore.com/friend-finder/css/emoji/triangular_ruler.png]
[mythemestore.com/friend-finder/css/emoji/trident.png]
[mythemestore.com/friend-finder/css/emoji/triumph.png]
[mythemestore.com/friend-finder/css/emoji/trolleybus.png]
[mythemestore.com/friend-finder/css/emoji/trollface.png]
[mythemestore.com/friend-finder/css/emoji/trophy.png]
[mythemestore.com/friend-finder/css/emoji/tropical_drink.png]
[mythemestore.com/friend-finder/css/emoji/tropical_fish.png]
[mythemestore.com/friend-finder/css/emoji/truck.png]
[mythemestore.com/friend-finder/css/emoji/trumpet.png]
[mythemestore.com/friend-finder/css/emoji/tshirt.png]
[mythemestore.com/friend-finder/css/emoji/tulip.png]
[mythemestore.com/friend-finder/css/emoji/turtle.png]
[mythemestore.com/friend-finder/css/emoji/tv.png]
[mythemestore.com/friend-finder/css/emoji/twisted_rightwards_arrows.png]
[mythemestore.com/friend-finder/css/emoji/two.png]
[mythemestore.com/friend-finder/css/emoji/two_hearts.png]
[mythemestore.com/friend-finder/css/emoji/two_men_holding_hands.png]
[mythemestore.com/friend-finder/css/emoji/two_women_holding_hands.png]
[mythemestore.com/friend-finder/css/emoji/u5272.png]
[mythemestore.com/friend-finder/css/emoji/u5408.png]
[mythemestore.com/friend-finder/css/emoji/u55b6.png]
[mythemestore.com/friend-finder/css/emoji/u6307.png]
[mythemestore.com/friend-finder/css/emoji/u6708.png]
[mythemestore.com/friend-finder/css/emoji/u6709.png]
[mythemestore.com/friend-finder/css/emoji/u6e80.png]
[mythemestore.com/friend-finder/css/emoji/u7121.png]
[mythemestore.com/friend-finder/css/emoji/u7533.png]
[mythemestore.com/friend-finder/css/emoji/u7981.png]
[mythemestore.com/friend-finder/css/emoji/u7a7a.png]
[mythemestore.com/friend-finder/css/emoji/uk.png]
[mythemestore.com/friend-finder/css/emoji/umbrella.png]
[mythemestore.com/friend-finder/css/emoji/unamused.png]
[mythemestore.com/friend-finder/css/emoji/underage.png]
[mythemestore.com/friend-finder/css/emoji/unlock.png]
[mythemestore.com/friend-finder/css/emoji/up.png]
[mythemestore.com/friend-finder/css/emoji/us.png]
[mythemestore.com/friend-finder/css/emoji/v.png]
[mythemestore.com/friend-finder/css/emoji/vertical_traffic_light.png]
[mythemestore.com/friend-finder/css/emoji/vhs.png]
[mythemestore.com/friend-finder/css/emoji/vibration_mode.png]
[mythemestore.com/friend-finder/css/emoji/video_camera.png]
[mythemestore.com/friend-finder/css/emoji/video_game.png]
[mythemestore.com/friend-finder/css/emoji/violin.png]
[mythemestore.com/friend-finder/css/emoji/virgo.png]
[mythemestore.com/friend-finder/css/emoji/volcano.png]
[mythemestore.com/friend-finder/css/emoji/vs.png]
[mythemestore.com/friend-finder/css/emoji/walking.png]
[mythemestore.com/friend-finder/css/emoji/waning_crescent_moon.png]
[mythemestore.com/friend-finder/css/emoji/waning_gibbous_moon.png]
[mythemestore.com/friend-finder/css/emoji/warning.png]
[mythemestore.com/friend-finder/css/emoji/watch.png]
[mythemestore.com/friend-finder/css/emoji/water_buffalo.png]
[mythemestore.com/friend-finder/css/emoji/watermelon.png]
[mythemestore.com/friend-finder/css/emoji/wave.png]
[mythemestore.com/friend-finder/css/emoji/wavy_dash.png]
[mythemestore.com/friend-finder/css/emoji/waxing_crescent_moon.png]
[mythemestore.com/friend-finder/css/emoji/waxing_gibbous_moon.png]
[mythemestore.com/friend-finder/css/emoji/wc.png]
[mythemestore.com/friend-finder/css/emoji/weary.png]
[mythemestore.com/friend-finder/css/emoji/wedding.png]
[mythemestore.com/friend-finder/css/emoji/whale.png]
[mythemestore.com/friend-finder/css/emoji/whale2.png]
[mythemestore.com/friend-finder/css/emoji/wheelchair.png]
[mythemestore.com/friend-finder/css/emoji/white_check_mark.png]
[mythemestore.com/friend-finder/css/emoji/white_circle.png]
[mythemestore.com/friend-finder/css/emoji/white_flower.png]
[mythemestore.com/friend-finder/css/emoji/white_large_square.png]
[mythemestore.com/friend-finder/css/emoji/white_medium_small_square.png]
[mythemestore.com/friend-finder/css/emoji/white_medium_square.png]
[mythemestore.com/friend-finder/css/emoji/white_small_square.png]
[mythemestore.com/friend-finder/css/emoji/white_square_button.png]
[mythemestore.com/friend-finder/css/emoji/wind_chime.png]
[mythemestore.com/friend-finder/css/emoji/wine_glass.png]
[mythemestore.com/friend-finder/css/emoji/wink.png]
[mythemestore.com/friend-finder/css/emoji/wolf.png]
[mythemestore.com/friend-finder/css/emoji/woman.png]
[mythemestore.com/friend-finder/css/emoji/womans_clothes.png]
[mythemestore.com/friend-finder/css/emoji/womans_hat.png]
[mythemestore.com/friend-finder/css/emoji/womens.png]
[mythemestore.com/friend-finder/css/emoji/worried.png]
[mythemestore.com/friend-finder/css/emoji/wrench.png]
[mythemestore.com/friend-finder/css/emoji/x.png]
[mythemestore.com/friend-finder/css/emoji/yellow_heart.png]
[mythemestore.com/friend-finder/css/emoji/yen.png]
[mythemestore.com/friend-finder/css/emoji/yum.png]
[mythemestore.com/friend-finder/css/emoji/zap.png]
[mythemestore.com/friend-finder/css/emoji/zero.png]
[mythemestore.com/friend-finder/css/emoji/zzz.png]
[mythemestore.com/friend-finder/css/emoji.css]
[mythemestore.com/friend-finder/timelime.html]
[mythemestore.com/friend-finder/css/jquery.scrollbar.css]
[mythemestore.com/friend-finder/timline.html]
